Symbol: cantmove (consmove7.bin) = 3F5C
Symbol: checkdown (consmove7.bin) = 3F28
Symbol: checkleft (consmove7.bin) = 3F38
Symbol: checkright (consmove7.bin) = 3F47
Symbol: CHROUT (consmove7.bin) = A002
Symbol: CURLIN (consmove7.bin) = 0068
Symbol: CURPOS (consmove7.bin) = 0088
Symbol: cursormoved (consmove7.bin) = 3F59
Symbol: defaults (consmove7.bin) = 3E1D
Symbol: DEVNUM (consmove7.bin) = 006F
Symbol: donumber (consmove7.bin) = 3E50
Symbol: dostring (consmove7.bin) = 3E38
Symbol: down (consmove7.bin) = 3F74
Symbol: DOWNCHAR (consmove7.bin) = 0064
Symbol: EXECJP (consmove7.bin) = 009D
Symbol: exiterror (consmove7.bin) = 3EB5
Symbol: exitsuccess (consmove7.bin) = 3EBA
Symbol: fromusr (consmove7.bin) = 3E15
Symbol: GIVABF (consmove7.bin) = B4F4
Symbol: goLA30E (consmove7.bin) = 3F56
Symbol: install (consmove7.bin) = 3E73
Symbol: installed (consmove7.bin) = 3EAD
Symbol: INTCNV (consmove7.bin) = B3ED
Symbol: left (consmove7.bin) = 3F75
Symbol: LEFTCHAR (consmove7.bin) = 006C
Symbol: msginstalled (consmove7.bin) = 3EFA
Symbol: msguninstalled (consmove7.bin) = 3EFD
Symbol: msgunknown (consmove7.bin) = 3F01
Symbol: newrvec12 (consmove7.bin) = 3F63
Symbol: newrvec3 (consmove7.bin) = 3F05
Symbol: ORGADDR (consmove7.bin) = 3E00
Symbol: print (consmove7.bin) = 3EC0
Symbol: printdone (consmove7.bin) = 3ECA
Symbol: return (consmove7.bin) = 3EBD
Symbol: right (consmove7.bin) = 3F76
Symbol: RIGHTCHAR (consmove7.bin) = 0072
Symbol: RVEC12 (consmove7.bin) = 0182
Symbol: RVEC3 (consmove7.bin) = 0167
Symbol: savedrvec12 (consmove7.bin) = 3F6F
Symbol: savedrvec3 (consmove7.bin) = 3F5F
Symbol: start (consmove7.bin) = 3E00
Symbol: toggle (consmove7.bin) = 3E6D
Symbol: uninstall (consmove7.bin) = 3ED0
Symbol: uninstalled (consmove7.bin) = 3EF2
Symbol: unknown (consmove7.bin) = 3E65
Symbol: up (consmove7.bin) = 3F73
Symbol: UPCHAR (consmove7.bin) = 0075
Symbol: VIDRAM (consmove7.bin) = 0400
